  Determinando os projetos a serem restaurados...
  Todos os projetos est├úo atualizados para restaura├º├úo.
  CodeConnect.Server -> C:\Users\reichert\code-connect\CodeConnect.Server\bin\Debug\net10.0\CodeConnect.Server.dll
  CodeConnect.AppHost -> C:\Users\reichert\code-connect\CodeConnect.AppHost\bin\Debug\net10.0\CodeConnect.AppHost.dll

Compila├º├úo com ├¬xito.
    0 Aviso(s)
    0 Erro(s)

Tempo Decorrido 00:00:01.35
